
> shower-glass@0.0.0 start
> ng serve --host 127.0.0.1 --port 4200

[33m>[39m Building...
[32m√[39m Building...
[35mBrowser bundles[39m     
[1mInitial chunk files[22m [2m | [22m[1mNames[22m                          [2m | [22m [1mRaw size[22m
[32mstyles.css[39m          [2m | [22m[2mstyles[22m                         [2m | [22m[36m467.51 kB[39m[2m | [22m
[32mmain.js[39m             [2m | [22m[2mmain[22m                           [2m | [22m [36m10.78 kB[39m[2m | [22m
[32mchunk-KAEMBNLZ.js[39m   [2m | [22m[2m-[22m                              [2m | [22m  [36m5.72 kB[39m[2m | [22m
[32mchunk-3G4RCPNQ.js[39m   [2m | [22m[2m-[22m                              [2m | [22m  [36m1.12 kB[39m[2m | [22m
[32mchunk-SG2LYVAH.js[39m   [2m | [22m[2m-[22m                              [2m | [22m[36m894 bytes[39m[2m | [22m
[32mchunk-IMFE7O5I.js[39m   [2m | [22m[2m-[22m                              [2m | [22m[36m450 bytes[39m[2m | [22m
[32mchunk-EJ7CTJRF.js[39m   [2m | [22m[2m-[22m                              [2m | [22m[36m312 bytes[39m[2m | [22m

[1m [22m                   [2m | [22m[1mInitial total[22m                  [2m | [22m[1m486.80 kB[22m

[1mLazy chunk files[22m    [2m | [22m[1mNames[22m                          [2m | [22m [1mRaw size[22m
[32mchunk-ANC2ZIXC.js[39m   [2m | [22m[2mcard-component[22m                 [2m | [22m[36m188.08 kB[39m[2m | [22m
[32mchunk-4GQG4TN5.js[39m   [2m | [22m[2mhome-component[22m                 [2m | [22m [36m77.94 kB[39m[2m | [22m
[32mchunk-BRDOM4Y4.js[39m   [2m | [22m[2mprivacyPolicy-component[22m        [2m | [22m [36m60.67 kB[39m[2m | [22m
[32mchunk-FVRA7ZNL.js[39m   [2m | [22m[2mseo-shower-enclosures-component[22m[2m | [22m [36m59.91 kB[39m[2m | [22m
[32mchunk-3ADQ6ARJ.js[39m   [2m | [22m[2mlayout-component[22m               [2m | [22m [36m42.96 kB[39m[2m | [22m
[32mchunk-BGT3QBRS.js[39m   [2m | [22m[2mpersonal-data-consent-component[22m[2m | [22m [36m33.66 kB[39m[2m | [22m
[32mchunk-TODW2NQ2.js[39m   [2m | [22m[2msettings-component[22m             [2m | [22m [36m33.06 kB[39m[2m | [22m
[32mchunk-XOWHXM33.js[39m   [2m | [22m[2mblog-component[22m                 [2m | [22m [36m25.06 kB[39m[2m | [22m
[32mchunk-7IOMQQMJ.js[39m   [2m | [22m[2m-[22m                              [2m | [22m [36m22.86 kB[39m[2m | [22m
[32mchunk-IOSHMTCD.js[39m   [2m | [22m[2mgallery-component[22m              [2m | [22m [36m22.39 kB[39m[2m | [22m
[32mchunk-6JJJRHBT.js[39m   [2m | [22m[2m-[22m                              [2m | [22m [36m17.32 kB[39m[2m | [22m
[32mchunk-D4JXPPYQ.js[39m   [2m | [22m[2mcontacts-component[22m             [2m | [22m [36m17.03 kB[39m[2m | [22m
[32mchunk-INBLQNUL.js[39m   [2m | [22m[2motherelement-component[22m         [2m | [22m [36m13.62 kB[39m[2m | [22m
[32mchunk-4BA4AO2Z.js[39m   [2m | [22m[2mothers-component[22m               [2m | [22m [36m13.55 kB[39m[2m | [22m
[32mchunk-JBGGJNHB.js[39m   [2m | [22m[2madmin-login-component[22m          [2m | [22m  [36m9.68 kB[39m[2m | [22m
[2m...and 5 more lazy chunks files. Use "--verbose" to show all the files.[22m


[35mServer bundles[39m      
[1mInitial chunk files[22m [2m | [22m[1mNames[22m                          [2m | [22m [1mRaw size[22m
[32mpolyfills.server.mjs[39m[2m | [22m[2mpolyfills.server[22m               [2m | [22m[36m487.33 kB[39m[2m | [22m
[32mserver.mjs[39m          [2m | [22m[2mserver[22m                         [2m | [22m [36m13.44 kB[39m[2m | [22m
[32mmain.server.mjs[39m     [2m | [22m[2mmain.server[22m                    [2m | [22m [36m12.20 kB[39m[2m | [22m
[32mchunk-3AYX2ZRR.mjs[39m  [2m | [22m[2m-[22m                              [2m | [22m  [36m5.83 kB[39m[2m | [22m
[32mchunk-6IHSICY3.mjs[39m  [2m | [22m[2m-[22m                              [2m | [22m  [36m5.76 kB[39m[2m | [22m
[32mchunk-3UB3TUMC.mjs[39m  [2m | [22m[2m-[22m                              [2m | [22m  [36m1.23 kB[39m[2m | [22m
[32mchunk-GMZFB2JG.mjs[39m  [2m | [22m[2m-[22m                              [2m | [22m  [36m1.16 kB[39m[2m | [22m
[32mchunk-IGK4QJQM.mjs[39m  [2m | [22m[2m-[22m                              [2m | [22m[36m998 bytes[39m[2m | [22m
[32mchunk-VI6KR4OF.mjs[39m  [2m | [22m[2m-[22m                              [2m | [22m[36m928 bytes[39m[2m | [22m
[32mchunk-EOCNZL4Y.mjs[39m  [2m | [22m[2m-[22m                              [2m | [22m[36m555 bytes[39m[2m | [22m
[32mchunk-RIOCBEXC.mjs[39m  [2m | [22m[2m-[22m                              [2m | [22m[36m485 bytes[39m[2m | [22m
[32mchunk-66I2BEDA.mjs[39m  [2m | [22m[2m-[22m                              [2m | [22m[36m417 bytes[39m[2m | [22m
[32mchunk-NUCFZLFY.mjs[39m  [2m | [22m[2m-[22m                              [2m | [22m[36m347 bytes[39m[2m | [22m

[1mLazy chunk files[22m    [2m | [22m[1mNames[22m                          [2m | [22m [1mRaw size[22m
[32mchunk-2JYNEGVI.mjs[39m  [2m | [22m[2mcard-component[22m                 [2m | [22m[36m188.19 kB[39m[2m | [22m
[32mchunk-WPORPNFM.mjs[39m  [2m | [22m[2mcard-component[22m                 [2m | [22m[36m188.12 kB[39m[2m | [22m
[32mchunk-ALYWPOCN.mjs[39m  [2m | [22m[2mhome-component[22m                 [2m | [22m [36m78.05 kB[39m[2m | [22m
[32mchunk-DJ4ZS2CW.mjs[39m  [2m | [22m[2mhome-component[22m                 [2m | [22m [36m77.98 kB[39m[2m | [22m
[32mchunk-JQ7IQNVM.mjs[39m  [2m | [22m[2mprivacyPolicy-component[22m        [2m | [22m [36m60.77 kB[39m[2m | [22m
[32mchunk-KZHSXCXC.mjs[39m  [2m | [22m[2mprivacyPolicy-component[22m        [2m | [22m [36m60.70 kB[39m[2m | [22m
[32mchunk-KMHPREEE.mjs[39m  [2m | [22m[2mseo-shower-enclosures-component[22m[2m | [22m [36m60.02 kB[39m[2m | [22m
[32mchunk-2C7KA6VN.mjs[39m  [2m | [22m[2mseo-shower-enclosures-component[22m[2m | [22m [36m59.95 kB[39m[2m | [22m
[32mchunk-DQLD462B.mjs[39m  [2m | [22m[2mlayout-component[22m               [2m | [22m [36m43.07 kB[39m[2m | [22m
[32mchunk-NFMV6PRG.mjs[39m  [2m | [22m[2mlayout-component[22m               [2m | [22m [36m43.00 kB[39m[2m | [22m
[32mchunk-SMO5QQHY.mjs[39m  [2m | [22m[2mpersonal-data-consent-component[22m[2m | [22m [36m33.77 kB[39m[2m | [22m
[32mchunk-OJUHDSBY.mjs[39m  [2m | [22m[2mpersonal-data-consent-component[22m[2m | [22m [36m33.70 kB[39m[2m | [22m
[32mchunk-K52DF7KR.mjs[39m  [2m | [22m[2msettings-component[22m             [2m | [22m [36m33.17 kB[39m[2m | [22m
[32mchunk-IZYR25TZ.mjs[39m  [2m | [22m[2msettings-component[22m             [2m | [22m [36m33.10 kB[39m[2m | [22m
[32mchunk-REWSTDX5.mjs[39m  [2m | [22m[2mblog-component[22m                 [2m | [22m [36m25.16 kB[39m[2m | [22m
[2m...and 25 more lazy chunks files. Use "--verbose" to show all the files.[22m

Application bundle generation complete. [5.075 seconds]

Watch mode enabled. Watching for file changes...
NOTE: Raw file sizes do not reflect development server per-request transformations.
[2m16:34:55[22m [36m[1m[vite][22m[39m [34m[2m(ssr)[22m[39m Re-optimizing dependencies because lockfile has changed
[2m16:34:55[22m [36m[1m[vite][22m[39m [90m[2m(client)[22m[39m Re-optimizing dependencies because lockfile has changed
  [32m➜[39m  [1mLocal[22m:   [36mhttp://127.0.0.1:[1m4200[22m/[39m
[33m>[39m Changes detected. Rebuilding...
[32m√[39m Changes detected. Rebuilding...

No output file changes.

Application bundle generation complete. [0.052 seconds]

Page reload sent to client(s).
[33m>[39m Changes detected. Rebuilding...
[32m√[39m Changes detected. Rebuilding...
Application bundle generation failed. [1.815 seconds]

[33m>[39m Changes detected. Rebuilding...
[32m√[39m Changes detected. Rebuilding...
[35mBrowser bundles[39m     
[1mInitial chunk files[22m [2m | [22m[1mNames[22m                          [2m | [22m [1mRaw size[22m
[32mstyles.css[39m          [2m | [22m[2mstyles[22m                         [2m | [22m[36m467.51 kB[39m[2m | [22m
[32mmain.js[39m             [2m | [22m[2mmain[22m                           [2m | [22m [36m10.78 kB[39m[2m | [22m
[32mchunk-KAEMBNLZ.js[39m   [2m | [22m[2m-[22m                              [2m | [22m  [36m5.72 kB[39m[2m | [22m
[32mchunk-3G4RCPNQ.js[39m   [2m | [22m[2m-[22m                              [2m | [22m  [36m1.12 kB[39m[2m | [22m
[32mchunk-SG2LYVAH.js[39m   [2m | [22m[2m-[22m                              [2m | [22m[36m894 bytes[39m[2m | [22m
[32mchunk-IMFE7O5I.js[39m   [2m | [22m[2m-[22m                              [2m | [22m[36m450 bytes[39m[2m | [22m
[32mchunk-EJ7CTJRF.js[39m   [2m | [22m[2m-[22m                              [2m | [22m[36m312 bytes[39m[2m | [22m

[1m [22m                   [2m | [22m[1mInitial total[22m                  [2m | [22m[1m486.80 kB[22m

[1mLazy chunk files[22m    [2m | [22m[1mNames[22m                          [2m | [22m [1mRaw size[22m
[32mchunk-ANC2ZIXC.js[39m   [2m | [22m[2mcard-component[22m                 [2m | [22m[36m188.08 kB[39m[2m | [22m
[32mchunk-4GQG4TN5.js[39m   [2m | [22m[2mhome-component[22m                 [2m | [22m [36m77.94 kB[39m[2m | [22m
[32mchunk-U5JQPMS7.js[39m   [2m | [22m[2mprivacyPolicy-component[22m        [2m | [22m [36m61.20 kB[39m[2m | [22m
[32mchunk-FVRA7ZNL.js[39m   [2m | [22m[2mseo-shower-enclosures-component[22m[2m | [22m [36m59.91 kB[39m[2m | [22m
[32mchunk-3ADQ6ARJ.js[39m   [2m | [22m[2mlayout-component[22m               [2m | [22m [36m42.96 kB[39m[2m | [22m
[32mchunk-NFR5FC5I.js[39m   [2m | [22m[2mpersonal-data-consent-component[22m[2m | [22m [36m34.80 kB[39m[2m | [22m
[32mchunk-TODW2NQ2.js[39m   [2m | [22m[2msettings-component[22m             [2m | [22m [36m33.06 kB[39m[2m | [22m
[32mchunk-XOWHXM33.js[39m   [2m | [22m[2mblog-component[22m                 [2m | [22m [36m25.06 kB[39m[2m | [22m
[32mchunk-7IOMQQMJ.js[39m   [2m | [22m[2m-[22m                              [2m | [22m [36m22.86 kB[39m[2m | [22m
[32mchunk-IOSHMTCD.js[39m   [2m | [22m[2mgallery-component[22m              [2m | [22m [36m22.39 kB[39m[2m | [22m
[32mchunk-6JJJRHBT.js[39m   [2m | [22m[2m-[22m                              [2m | [22m [36m17.32 kB[39m[2m | [22m
[32mchunk-D4JXPPYQ.js[39m   [2m | [22m[2mcontacts-component[22m             [2m | [22m [36m17.03 kB[39m[2m | [22m
[32mchunk-INBLQNUL.js[39m   [2m | [22m[2motherelement-component[22m         [2m | [22m [36m13.62 kB[39m[2m | [22m
[32mchunk-4BA4AO2Z.js[39m   [2m | [22m[2mothers-component[22m               [2m | [22m [36m13.55 kB[39m[2m | [22m
[32mchunk-JBGGJNHB.js[39m   [2m | [22m[2madmin-login-component[22m          [2m | [22m  [36m9.68 kB[39m[2m | [22m
[2m...and 5 more lazy chunks files. Use "--verbose" to show all the files.[22m


[35mServer bundles[39m      
[1mInitial chunk files[22m [2m | [22m[1mNames[22m                          [2m | [22m [1mRaw size[22m
[32mpolyfills.server.mjs[39m[2m | [22m[2mpolyfills.server[22m               [2m | [22m[36m487.33 kB[39m[2m | [22m
[32mserver.mjs[39m          [2m | [22m[2mserver[22m                         [2m | [22m [36m13.44 kB[39m[2m | [22m
[32mmain.server.mjs[39m     [2m | [22m[2mmain.server[22m                    [2m | [22m [36m12.20 kB[39m[2m | [22m
[32mchunk-3AYX2ZRR.mjs[39m  [2m | [22m[2m-[22m                              [2m | [22m  [36m5.83 kB[39m[2m | [22m
[32mchunk-6IHSICY3.mjs[39m  [2m | [22m[2m-[22m                              [2m | [22m  [36m5.76 kB[39m[2m | [22m
[32mchunk-3UB3TUMC.mjs[39m  [2m | [22m[2m-[22m                              [2m | [22m  [36m1.23 kB[39m[2m | [22m
[32mchunk-GMZFB2JG.mjs[39m  [2m | [22m[2m-[22m                              [2m | [22m  [36m1.16 kB[39m[2m | [22m
[32mchunk-IGK4QJQM.mjs[39m  [2m | [22m[2m-[22m                              [2m | [22m[36m998 bytes[39m[2m | [22m
[32mchunk-VI6KR4OF.mjs[39m  [2m | [22m[2m-[22m                              [2m | [22m[36m928 bytes[39m[2m | [22m
[32mchunk-EOCNZL4Y.mjs[39m  [2m | [22m[2m-[22m                              [2m | [22m[36m555 bytes[39m[2m | [22m
[32mchunk-RIOCBEXC.mjs[39m  [2m | [22m[2m-[22m                              [2m | [22m[36m485 bytes[39m[2m | [22m
[32mchunk-66I2BEDA.mjs[39m  [2m | [22m[2m-[22m                              [2m | [22m[36m417 bytes[39m[2m | [22m
[32mchunk-NUCFZLFY.mjs[39m  [2m | [22m[2m-[22m                              [2m | [22m[36m347 bytes[39m[2m | [22m

[1mLazy chunk files[22m    [2m | [22m[1mNames[22m                          [2m | [22m [1mRaw size[22m
[32mchunk-2JYNEGVI.mjs[39m  [2m | [22m[2mcard-component[22m                 [2m | [22m[36m188.19 kB[39m[2m | [22m
[32mchunk-WPORPNFM.mjs[39m  [2m | [22m[2mcard-component[22m                 [2m | [22m[36m188.12 kB[39m[2m | [22m
[32mchunk-ALYWPOCN.mjs[39m  [2m | [22m[2mhome-component[22m                 [2m | [22m [36m78.05 kB[39m[2m | [22m
[32mchunk-DJ4ZS2CW.mjs[39m  [2m | [22m[2mhome-component[22m                 [2m | [22m [36m77.98 kB[39m[2m | [22m
[32mchunk-BQFTEY4J.mjs[39m  [2m | [22m[2mprivacyPolicy-component[22m        [2m | [22m [36m61.31 kB[39m[2m | [22m
[32mchunk-GB5JQIYU.mjs[39m  [2m | [22m[2mprivacyPolicy-component[22m        [2m | [22m [36m61.24 kB[39m[2m | [22m
[32mchunk-KMHPREEE.mjs[39m  [2m | [22m[2mseo-shower-enclosures-component[22m[2m | [22m [36m60.02 kB[39m[2m | [22m
[32mchunk-2C7KA6VN.mjs[39m  [2m | [22m[2mseo-shower-enclosures-component[22m[2m | [22m [36m59.95 kB[39m[2m | [22m
[32mchunk-DQLD462B.mjs[39m  [2m | [22m[2mlayout-component[22m               [2m | [22m [36m43.07 kB[39m[2m | [22m
[32mchunk-NFMV6PRG.mjs[39m  [2m | [22m[2mlayout-component[22m               [2m | [22m [36m43.00 kB[39m[2m | [22m
[32mchunk-YVNIEVUV.mjs[39m  [2m | [22m[2mpersonal-data-consent-component[22m[2m | [22m [36m34.91 kB[39m[2m | [22m
[32mchunk-2FC4EAMU.mjs[39m  [2m | [22m[2mpersonal-data-consent-component[22m[2m | [22m [36m34.84 kB[39m[2m | [22m
[32mchunk-K52DF7KR.mjs[39m  [2m | [22m[2msettings-component[22m             [2m | [22m [36m33.17 kB[39m[2m | [22m
[32mchunk-IZYR25TZ.mjs[39m  [2m | [22m[2msettings-component[22m             [2m | [22m [36m33.10 kB[39m[2m | [22m
[32mchunk-REWSTDX5.mjs[39m  [2m | [22m[2mblog-component[22m                 [2m | [22m [36m25.16 kB[39m[2m | [22m
[2m...and 25 more lazy chunks files. Use "--verbose" to show all the files.[22m

Application bundle generation complete. [0.507 seconds]

Page reload sent to client(s).
[33m>[39m Changes detected. Rebuilding...
[32m√[39m Changes detected. Rebuilding...
[35mBrowser bundles[39m    
[1mInitial chunk files[22m[2m | [22m[1mNames[22m                          [2m | [22m[1mRaw size[22m
[32mmain.js[39m            [2m | [22m[2mmain[22m                           [2m | [22m[36m10.78 kB[39m[2m | [22m

[1mLazy chunk files[22m   [2m | [22m[1mNames[22m                          [2m | [22m[1mRaw size[22m
[32mchunk-OPTL2A3X.js[39m  [2m | [22m[2mprivacyPolicy-component[22m        [2m | [22m[36m61.08 kB[39m[2m | [22m
[32mchunk-GN7WJGDT.js[39m  [2m | [22m[2mpersonal-data-consent-component[22m[2m | [22m[36m34.67 kB[39m[2m | [22m


[35mServer bundles[39m     
[1mInitial chunk files[22m[2m | [22m[1mNames[22m                          [2m | [22m[1mRaw size[22m
[32mserver.mjs[39m         [2m | [22m[2mserver[22m                         [2m | [22m[36m13.44 kB[39m[2m | [22m
[32mmain.server.mjs[39m    [2m | [22m[2mmain.server[22m                    [2m | [22m[36m12.20 kB[39m[2m | [22m

[1mLazy chunk files[22m   [2m | [22m[1mNames[22m                          [2m | [22m[1mRaw size[22m
[32mchunk-WJ6XEUVN.mjs[39m [2m | [22m[2mprivacyPolicy-component[22m        [2m | [22m[36m61.18 kB[39m[2m | [22m
[32mchunk-UGGDZFP6.mjs[39m [2m | [22m[2mprivacyPolicy-component[22m        [2m | [22m[36m61.11 kB[39m[2m | [22m
[32mchunk-6TXO2CSY.mjs[39m [2m | [22m[2mpersonal-data-consent-component[22m[2m | [22m[36m34.78 kB[39m[2m | [22m
[32mchunk-LA2XE7KS.mjs[39m [2m | [22m[2mpersonal-data-consent-component[22m[2m | [22m[36m34.71 kB[39m[2m | [22m

Application bundle generation complete. [0.572 seconds]

Component update sent to client(s).
